﻿F821 Undefined name `QMessageBox`
   --> core\controller.py:577:13
    |
575 |         """?꾩옱 ?곗씠?곕줈 ?쒓컖??李?PlotPopup)???앹꽦?⑸땲??"""
576 |         if not self.plot_data_list:
577 |             QMessageBox.warning(
    |             ^^^^^^^^^^^
578 |                 self.ui, "?곗씠???놁쓬", "遺꾩꽍???곗씠?곕? 癒쇱? 濡쒕뱶??二쇱꽭??"
579 |             )
    |

F821 Undefined name `QMessageBox`
   --> core\controller.py:726:13
    |
724 |         """?ㅼ쨷 鍮꾧탳瑜??꾪븳 ????뚯씪 ?좏깮 李?SelectCompareDialog)???몄텧?⑸땲??"""
725 |         if len(self.plot_data_list) < 2:
726 |             QMessageBox.warning(
    |             ^^^^^^^^^^^
727 |                 parent_window or self.ui,
728 |                 "?곗씠??遺議?,
    |

F821 Undefined name `QMessageBox`
   --> core\controller.py:841:13
    |
839 |         except Exception as e:
840 |             traceback.print_exc()
841 |             QMessageBox.critical(
    |             ^^^^^^^^^^^
842 |                 parent_window or self.ui,
843 |                 "?ㅼ쨷 ?뚮’ ?ㅻ쪟",
    |

F821 Undefined name `event`
    --> ui\windows\compare_plot.py:1740:12
     |
1739 |         # T ?? ?꾩옱 ?붿옄???쒕툕 ??Blue/Red)???대떦?섎뒗 ?쇰꺼 ?꾩튂 ?대룞 ?대쭔 ?좉?.
1740 |         if event.key() == Qt.Key.Key_T:
     |            ^^^^^
1741 |             if (
1742 |                 not self._is_input_focused()
     |

F821 Undefined name `event`
    --> ui\windows\compare_plot.py:1750:31
     |
1748 |                 self._safe_toggle_compare_label_move(series)
1749 |             return
1750 |         super().keyPressEvent(event)
     |                               ^^^^^
1751 |
1752 |     def _on_compare_label_move_clicked(self, series):
     |

F841 Local variable `base_d` is assigned to but never used
    --> ui\windows\popup_plot.py:1965:29
     |
1963 |                             left_d = tuple(inv((lx, ly)))
1964 |                             right_d = tuple(inv((rx, ry)))
1965 |                             base_d = tuple(inv((bx, by)))
     |                             ^^^^^^
1966 |
1967 |                             if arrow_head == "open":
     |
help: Remove assignment to unused variable `base_d`

Found 6 errors.
No fixes available (1 hidden fix can be enabled with the `--unsafe-fixes` option).
